{
    "password": "securePassword123",
    "username": "tester"
}