{
    "oldPassword": "oldSecurePassword123",
    "domain": "criptext.com",
    "newPassword": "securePassword123",
    "username": "tester"
}